{
  "version": "1.5.0",
  "plugins_used": [
    {
      "name": "ArtifactoryDetector"
    },
    {
      "name": "AWSKeyDetector"
    },
    {
      "name": "AzureStorageKeyDetector"
    },
    {
      "name": "Base64HighEntropyString",
      "limit": 4.5
    },
    {
      "name": "BasicAuthDetector"
    },
    {
      "name": "CloudantDetector"
    },
    {
      "name": "DiscordBotTokenDetector"
    },
    {
      "name": "GitHubTokenDetector"
    },
    {
      "name": "GitLabTokenDetector"
    },
    {
      "name": "HexHighEntropyString",
      "limit": 3.0
    },
    {
      "name": "IbmCloudIamDetector"
    },
    {
      "name": "IbmCosHmacDetector"
    },
    {
      "name": "IPPublicDetector"
    },
    {
      "name": "JwtTokenDetector"
    },
    {
      "name": "KeywordDetector",
      "keyword_exclude": ""
    },
    {
      "name": "MailchimpDetector"
    },
    {
      "name": "NpmDetector"
    },
    {
      "name": "OpenAIDetector"
    },
    {
      "name": "PrivateKeyDetector"
    },
    {
      "name": "PypiTokenDetector"
    },
    {
      "name": "SendGridDetector"
    },
    {
      "name": "SlackDetector"
    },
    {
      "name": "SoftlayerDetector"
    },
    {
      "name": "SquareOAuthDetector"
    },
    {
      "name": "StripeDetector"
    },
    {
      "name": "TelegramBotTokenDetector"
    },
    {
      "name": "TwilioKeyDetector"
    }
  ],
  "filters_used": [
    {
      "path": "detect_secrets.filters.allowlist.is_line_allowlisted"
    },
    {
      "path": "detect_secrets.filters.common.is_ignored_due_to_verification_policies",
      "min_level": 2
    },
    {
      "path": "detect_secrets.filters.heuristic.is_indirect_reference"
    },
    {
      "path": "detect_secrets.filters.heuristic.is_likely_id_string"
    },
    {
      "path": "detect_secrets.filters.heuristic.is_lock_file"
    },
    {
      "path": "detect_secrets.filters.heuristic.is_not_alphanumeric_string"
    },
    {
      "path": "detect_secrets.filters.heuristic.is_potential_uuid"
    },
    {
      "path": "detect_secrets.filters.heuristic.is_prefixed_with_dollar_sign"
    },
    {
      "path": "detect_secrets.filters.heuristic.is_sequential_string"
    },
    {
      "path": "detect_secrets.filters.heuristic.is_swagger_file"
    },
    {
      "path": "detect_secrets.filters.heuristic.is_templated_secret"
    }
  ],
  "results": {
    "chronicle/archives/_unfiled/2026-05-24_claudes-notebook-substack-via-anthony-iphone-scr_opus3-cc-post-page-3-of-6-union-sibling-claudes__0cd9eb372d17.txt": [
      {
        "type": "AWS Access Key",
        "filename": "chronicle/archives/_unfiled/2026-05-24_claudes-notebook-substack-via-anthony-iphone-scr_opus3-cc-post-page-3-of-6-union-sibling-claudes__0cd9eb372d17.txt",
        "hashed_secret": "365ee186f0ffc22e34779c66e76bac4fcdc6c149",
        "is_verified": false,
        "line_number": 1
      }
    ],
    "chronicle/archives/_unfiled/2026-05-24_claudes-notebook-substack-via-anthony-iphone-scr_opus3-cc-post-page-4-of-6-encounter-reframe-sche__68d3222121f2.txt": [
      {
        "type": "AWS Access Key",
        "filename": "chronicle/archives/_unfiled/2026-05-24_claudes-notebook-substack-via-anthony-iphone-scr_opus3-cc-post-page-4-of-6-encounter-reframe-sche__68d3222121f2.txt",
        "hashed_secret": "365ee186f0ffc22e34779c66e76bac4fcdc6c149",
        "is_verified": false,
        "line_number": 1
      }
    ],
    "chronicle/insights/t2helix,v0.0.4-phase1,v0.0.4-phase2,shipped-features,real-session-id,pending-confirmations,recall-compass,setgoal-preserve-prior,pause-soft-deny,single-use-token,remediation-status,methodology-compounding/spiral_20260502_225324.jsonl": [
      {
        "type": "Private Key",
        "filename": "chronicle/insights/t2helix,v0.0.4-phase1,v0.0.4-phase2,shipped-features,real-session-id,pending-confirmations,recall-compass,setgoal-preserve-prior,pause-soft-deny,single-use-token,remediation-status,methodology-compounding/spiral_20260502_225324.jsonl",
        "hashed_secret": "be4fc4886bd949b369d5e092eb87494f12e57e5b",
        "is_verified": false,
        "line_number": 1
      }
    ],
    "chronicle/open_threads/t2helix,dogfood,first-install,test-plan.jsonl": [
      {
        "type": "Private Key",
        "filename": "chronicle/open_threads/t2helix,dogfood,first-install,test-plan.jsonl",
        "hashed_secret": "1348b145fa1a555461c1b790a2f66614781091e9",
        "is_verified": false,
        "line_number": 1
      }
    ],
    "daemons/metabolize_state.json": [
      {
        "type": "Hex High Entropy String",
        "filename": "daemons/metabolize_state.json",
        "hashed_secret": "4970b4ab5f4b34c1b7c03d8b83e8c74e37ae2fac",
        "is_verified": false,
        "line_number": 9
      },
      {
        "type": "Hex High Entropy String",
        "filename": "daemons/metabolize_state.json",
        "hashed_secret": "d8843cb432e007da32e9b605e74e5234e46a9f40",
        "is_verified": false,
        "line_number": 11
      },
      {
        "type": "Hex High Entropy String",
        "filename": "daemons/metabolize_state.json",
        "hashed_secret": "39eb2a138ceb17b91f847e83dd0404e10bdd2355",
        "is_verified": false,
        "line_number": 13
      },
      {
        "type": "Hex High Entropy String",
        "filename": "daemons/metabolize_state.json",
        "hashed_secret": "ea34be5b8da99ed7d9de7900af869446d24242f5",
        "is_verified": false,
        "line_number": 14
      },
      {
        "type": "Hex High Entropy String",
        "filename": "daemons/metabolize_state.json",
        "hashed_secret": "eb6093582f404eb1ea91f80781b6547e6da54c4b",
        "is_verified": false,
        "line_number": 15
      },
      {
        "type": "Hex High Entropy String",
        "filename": "daemons/metabolize_state.json",
        "hashed_secret": "55f9a976779ee93344eae05a69f328083207f0ba",
        "is_verified": false,
        "line_number": 17
      },
      {
        "type": "Hex High Entropy String",
        "filename": "daemons/metabolize_state.json",
        "hashed_secret": "2e89819782715a80ab7f3060422e8ebdca6cdb25",
        "is_verified": false,
        "line_number": 18
      },
      {
        "type": "Hex High Entropy String",
        "filename": "daemons/metabolize_state.json",
        "hashed_secret": "8bc6dc74334ca436d907022bbdf854384c0b5ee1",
        "is_verified": false,
        "line_number": 19
      },
      {
        "type": "Hex High Entropy String",
        "filename": "daemons/metabolize_state.json",
        "hashed_secret": "c39acbbfb58ee9df01c4e170d4459fc37cb4f4a1",
        "is_verified": false,
        "line_number": 20
      },
      {
        "type": "Hex High Entropy String",
        "filename": "daemons/metabolize_state.json",
        "hashed_secret": "ccbe577828f400876d7bddf24c208554f1ad19ff",
        "is_verified": false,
        "line_number": 21
      },
      {
        "type": "Hex High Entropy String",
        "filename": "daemons/metabolize_state.json",
        "hashed_secret": "0be46445836519615835b1beb85d838829a1def6",
        "is_verified": false,
        "line_number": 22
      },
      {
        "type": "Hex High Entropy String",
        "filename": "daemons/metabolize_state.json",
        "hashed_secret": "409294f2926bf2bbf3df3c7923b122c2615cf802",
        "is_verified": false,
        "line_number": 23
      },
      {
        "type": "Hex High Entropy String",
        "filename": "daemons/metabolize_state.json",
        "hashed_secret": "7dee4a4f9be4dda433f1fef5d860b2f5a9648b81",
        "is_verified": false,
        "line_number": 32
      },
      {
        "type": "Hex High Entropy String",
        "filename": "daemons/metabolize_state.json",
        "hashed_secret": "0c17e730d2faeabddcdf892f7287e698ae66a46f",
        "is_verified": false,
        "line_number": 33
      },
      {
        "type": "Hex High Entropy String",
        "filename": "daemons/metabolize_state.json",
        "hashed_secret": "3cd32045abeab940f7e6bb91827897a2adc0ddb6",
        "is_verified": false,
        "line_number": 34
      },
      {
        "type": "Hex High Entropy String",
        "filename": "daemons/metabolize_state.json",
        "hashed_secret": "06a1e21113260ae2a3360c081d979407c1e5d59d",
        "is_verified": false,
        "line_number": 35
      },
      {
        "type": "Hex High Entropy String",
        "filename": "daemons/metabolize_state.json",
        "hashed_secret": "237c328f7c6328f4066680c000ce08bca0da5406",
        "is_verified": false,
        "line_number": 36
      },
      {
        "type": "Hex High Entropy String",
        "filename": "daemons/metabolize_state.json",
        "hashed_secret": "9e01e3f7e0d2ce26f28279f5506477313aa9095c",
        "is_verified": false,
        "line_number": 38
      },
      {
        "type": "Hex High Entropy String",
        "filename": "daemons/metabolize_state.json",
        "hashed_secret": "67a91ce4c81a92fde3932d1ea115cc56bcafcd28",
        "is_verified": false,
        "line_number": 39
      },
      {
        "type": "Hex High Entropy String",
        "filename": "daemons/metabolize_state.json",
        "hashed_secret": "9eadaf2cc53dad2c8423ffa88c883cdaf919d6bf",
        "is_verified": false,
        "line_number": 40
      },
      {
        "type": "Hex High Entropy String",
        "filename": "daemons/metabolize_state.json",
        "hashed_secret": "ba919c29b46c7322de96e4e69d6e9432f39a9e6b",
        "is_verified": false,
        "line_number": 41
      },
      {
        "type": "Hex High Entropy String",
        "filename": "daemons/metabolize_state.json",
        "hashed_secret": "2beb975275e6b03c8e9c5b97b31791ac3ccfe6e0",
        "is_verified": false,
        "line_number": 43
      },
      {
        "type": "Hex High Entropy String",
        "filename": "daemons/metabolize_state.json",
        "hashed_secret": "b1cca5d215082d86c7719e4ee9a0946807b38802",
        "is_verified": false,
        "line_number": 44
      },
      {
        "type": "Hex High Entropy String",
        "filename": "daemons/metabolize_state.json",
        "hashed_secret": "337c2a9952c27c860cf5833876e2e5af9e21936a",
        "is_verified": false,
        "line_number": 45
      },
      {
        "type": "Hex High Entropy String",
        "filename": "daemons/metabolize_state.json",
        "hashed_secret": "7e9fe9007908630443b0fa8d7c69cc3d64aab127",
        "is_verified": false,
        "line_number": 77
      },
      {
        "type": "Hex High Entropy String",
        "filename": "daemons/metabolize_state.json",
        "hashed_secret": "d80d65b266b2eb0ae87edb8bc648081d9c306f47",
        "is_verified": false,
        "line_number": 78
      },
      {
        "type": "Hex High Entropy String",
        "filename": "daemons/metabolize_state.json",
        "hashed_secret": "87b31a94870d54676457944481c85842cc5371f1",
        "is_verified": false,
        "line_number": 80
      },
      {
        "type": "Hex High Entropy String",
        "filename": "daemons/metabolize_state.json",
        "hashed_secret": "6f9edf4d2c36c8205ecba19300bbccf8f95f68c4",
        "is_verified": false,
        "line_number": 81
      },
      {
        "type": "Hex High Entropy String",
        "filename": "daemons/metabolize_state.json",
        "hashed_secret": "218c4b2569d96cb5e418f74b9f3138926180ec84",
        "is_verified": false,
        "line_number": 131
      },
      {
        "type": "Hex High Entropy String",
        "filename": "daemons/metabolize_state.json",
        "hashed_secret": "e6e120b807b87eddde85e7c8e4ac36d0d967932d",
        "is_verified": false,
        "line_number": 134
      },
      {
        "type": "Hex High Entropy String",
        "filename": "daemons/metabolize_state.json",
        "hashed_secret": "0e5e92199126e01aa1581e70902f5d1015f7bf57",
        "is_verified": false,
        "line_number": 192
      },
      {
        "type": "Hex High Entropy String",
        "filename": "daemons/metabolize_state.json",
        "hashed_secret": "9b917ce93bd6a8173316bbc9c41e27db5b2ebbe8",
        "is_verified": false,
        "line_number": 193
      },
      {
        "type": "Hex High Entropy String",
        "filename": "daemons/metabolize_state.json",
        "hashed_secret": "59925b9e5fb5396b8a591bdca932142a9b6ffd94",
        "is_verified": false,
        "line_number": 203
      },
      {
        "type": "Hex High Entropy String",
        "filename": "daemons/metabolize_state.json",
        "hashed_secret": "9b875fa22321f06473acbf0360fe35fd9988ed2f",
        "is_verified": false,
        "line_number": 216
      },
      {
        "type": "Hex High Entropy String",
        "filename": "daemons/metabolize_state.json",
        "hashed_secret": "6116196423ccb0ff06c60c6932cfc8a6b756a449",
        "is_verified": false,
        "line_number": 218
      },
      {
        "type": "Hex High Entropy String",
        "filename": "daemons/metabolize_state.json",
        "hashed_secret": "640ba93b617fe06e90e078061e408b2cec62ab05",
        "is_verified": false,
        "line_number": 222
      }
    ],
    "grok_bridge/pending_writes/2026-05-09T20-45-32_propose_insight_dfe2d949.json": [
      {
        "type": "Hex High Entropy String",
        "filename": "grok_bridge/pending_writes/2026-05-09T20-45-32_propose_insight_dfe2d949.json",
        "hashed_secret": "31cb74d22d8c77adfc91464b92b3aa7ff6f1e188",
        "is_verified": false,
        "line_number": 39
      }
    ],
    "grok_bridge/pending_writes/2026-05-24T13-44-06_propose_insight_1e4eabe8.json": [
      {
        "type": "Hex High Entropy String",
        "filename": "grok_bridge/pending_writes/2026-05-24T13-44-06_propose_insight_1e4eabe8.json",
        "hashed_secret": "9824478a7fc2fadb85a6d48dfd18af2829d966eb",
        "is_verified": false,
        "line_number": 40
      },
      {
        "type": "Hex High Entropy String",
        "filename": "grok_bridge/pending_writes/2026-05-24T13-44-06_propose_insight_1e4eabe8.json",
        "hashed_secret": "ec32d50803917325cc54f6cc8cb01ccd4fb1b12b",
        "is_verified": false,
        "line_number": 41
      }
    ],
    "grok_bridge/pending_writes/2026-05-24T13-57-03_record_open_thread_e4f54fdf.json": [
      {
        "type": "Hex High Entropy String",
        "filename": "grok_bridge/pending_writes/2026-05-24T13-57-03_record_open_thread_e4f54fdf.json",
        "hashed_secret": "e814b334a454072e808193c669e7600e9db94175",
        "is_verified": false,
        "line_number": 38
      },
      {
        "type": "Hex High Entropy String",
        "filename": "grok_bridge/pending_writes/2026-05-24T13-57-03_record_open_thread_e4f54fdf.json",
        "hashed_secret": "671132a0f2b35cde05575ab8f9e6aad204d14180",
        "is_verified": false,
        "line_number": 39
      }
    ],
    "grok_bridge/pending_writes/2026-05-24T14-00-18_propose_insight_7dea6fbf.json": [
      {
        "type": "Hex High Entropy String",
        "filename": "grok_bridge/pending_writes/2026-05-24T14-00-18_propose_insight_7dea6fbf.json",
        "hashed_secret": "0eee6d21136d7fc871826a4cb23f1b131f244108",
        "is_verified": false,
        "line_number": 39
      },
      {
        "type": "Hex High Entropy String",
        "filename": "grok_bridge/pending_writes/2026-05-24T14-00-18_propose_insight_7dea6fbf.json",
        "hashed_secret": "ac7bf938672c68d218ad06daa49184528b4566cf",
        "is_verified": false,
        "line_number": 40
      }
    ],
    "grok_bridge/pending_writes/2026-05-24T14-00-22_propose_insight_5a952657.json": [
      {
        "type": "Hex High Entropy String",
        "filename": "grok_bridge/pending_writes/2026-05-24T14-00-22_propose_insight_5a952657.json",
        "hashed_secret": "bf61af36d6043b91ea612b623d7b14b77eb3d0c6",
        "is_verified": false,
        "line_number": 39
      },
      {
        "type": "Hex High Entropy String",
        "filename": "grok_bridge/pending_writes/2026-05-24T14-00-22_propose_insight_5a952657.json",
        "hashed_secret": "c91098c4b007f069cdb919c93941a7b7cd150ca1",
        "is_verified": false,
        "line_number": 40
      }
    ],
    "grok_bridge/pending_writes/2026-05-24T14-00-26_propose_insight_abda71d7.json": [
      {
        "type": "Hex High Entropy String",
        "filename": "grok_bridge/pending_writes/2026-05-24T14-00-26_propose_insight_abda71d7.json",
        "hashed_secret": "1ccc00cc4092ded07a4abe1956776777fa9826ca",
        "is_verified": false,
        "line_number": 39
      },
      {
        "type": "Hex High Entropy String",
        "filename": "grok_bridge/pending_writes/2026-05-24T14-00-26_propose_insight_abda71d7.json",
        "hashed_secret": "a9311cccb6d30f782f5bd4d59a8b05af2ddcdc47",
        "is_verified": false,
        "line_number": 40
      }
    ],
    "grok_bridge/pending_writes/2026-05-24T14-00-29_propose_insight_39d2e9c7.json": [
      {
        "type": "Hex High Entropy String",
        "filename": "grok_bridge/pending_writes/2026-05-24T14-00-29_propose_insight_39d2e9c7.json",
        "hashed_secret": "a079b915636d2b102e4c16aaf83f2c238c6dffe3",
        "is_verified": false,
        "line_number": 39
      },
      {
        "type": "Hex High Entropy String",
        "filename": "grok_bridge/pending_writes/2026-05-24T14-00-29_propose_insight_39d2e9c7.json",
        "hashed_secret": "467b6e69df083ab8279b7b9c33e47e96ebd53a08",
        "is_verified": false,
        "line_number": 40
      }
    ],
    "grok_bridge/pending_writes/2026-05-24T14-04-36_propose_insight_35ecc900.json": [
      {
        "type": "Hex High Entropy String",
        "filename": "grok_bridge/pending_writes/2026-05-24T14-04-36_propose_insight_35ecc900.json",
        "hashed_secret": "50ece9fe741626bf8a3e6f8459bc029e7856c527",
        "is_verified": false,
        "line_number": 39
      },
      {
        "type": "Hex High Entropy String",
        "filename": "grok_bridge/pending_writes/2026-05-24T14-04-36_propose_insight_35ecc900.json",
        "hashed_secret": "bca8dce68e3027d05d25e768fb2156a701b52498",
        "is_verified": false,
        "line_number": 40
      }
    ],
    "grok_bridge/pending_writes/2026-05-24T14-04-39_propose_insight_1c6a2522.json": [
      {
        "type": "Hex High Entropy String",
        "filename": "grok_bridge/pending_writes/2026-05-24T14-04-39_propose_insight_1c6a2522.json",
        "hashed_secret": "88ef9f2440842dac866da90686265cec6dccfbb6",
        "is_verified": false,
        "line_number": 39
      },
      {
        "type": "Hex High Entropy String",
        "filename": "grok_bridge/pending_writes/2026-05-24T14-04-39_propose_insight_1c6a2522.json",
        "hashed_secret": "672a9b95c8a1d2238f89ee179c9dfc54180948a7",
        "is_verified": false,
        "line_number": 40
      }
    ],
    "grok_bridge/pending_writes/2026-05-24T14-04-41_propose_insight_23c11b89.json": [
      {
        "type": "Hex High Entropy String",
        "filename": "grok_bridge/pending_writes/2026-05-24T14-04-41_propose_insight_23c11b89.json",
        "hashed_secret": "86b6469159c50a4759371421a08f7db6db53bf2b",
        "is_verified": false,
        "line_number": 39
      },
      {
        "type": "Hex High Entropy String",
        "filename": "grok_bridge/pending_writes/2026-05-24T14-04-41_propose_insight_23c11b89.json",
        "hashed_secret": "b595fc8ab84dc8e4ae3da47b94d54655246ede06",
        "is_verified": false,
        "line_number": 40
      }
    ],
    "grok_bridge/pending_writes/2026-05-24T14-04-48_propose_insight_332d1199.json": [
      {
        "type": "Hex High Entropy String",
        "filename": "grok_bridge/pending_writes/2026-05-24T14-04-48_propose_insight_332d1199.json",
        "hashed_secret": "6d8b8aed52eb2d9efb254cffc2338f7f40472785",
        "is_verified": false,
        "line_number": 39
      },
      {
        "type": "Hex High Entropy String",
        "filename": "grok_bridge/pending_writes/2026-05-24T14-04-48_propose_insight_332d1199.json",
        "hashed_secret": "0d1a4177228683d31d3e164aabad3fe1a79df545",
        "is_verified": false,
        "line_number": 40
      }
    ],
    "nape/observations.jsonl": [
      {
        "type": "Private Key",
        "filename": "nape/observations.jsonl",
        "hashed_secret": "1348b145fa1a555461c1b790a2f66614781091e9",
        "is_verified": false,
        "line_number": 10318
      }
    ],
    "openai_bridge/pending_writes/2026-05-08T02-42-51_handoff_866f270b.json": [
      {
        "type": "Hex High Entropy String",
        "filename": "openai_bridge/pending_writes/2026-05-08T02-42-51_handoff_866f270b.json",
        "hashed_secret": "57d097284c25510be8e221de0903de61ce79f6cb",
        "is_verified": false,
        "line_number": 27
      },
      {
        "type": "Hex High Entropy String",
        "filename": "openai_bridge/pending_writes/2026-05-08T02-42-51_handoff_866f270b.json",
        "hashed_secret": "fcde21b6c31d36fddd3f709ded8c7ede3f8387ef",
        "is_verified": false,
        "line_number": 28
      }
    ],
    "openai_bridge/pending_writes/2026-05-08T02-42-51_record_open_thread_095b0fd2.json": [
      {
        "type": "Hex High Entropy String",
        "filename": "openai_bridge/pending_writes/2026-05-08T02-42-51_record_open_thread_095b0fd2.json",
        "hashed_secret": "caab5e8731a966f4584dbbf2ce6e3553c1216acd",
        "is_verified": false,
        "line_number": 38
      }
    ],
    "openai_bridge/pending_writes/2026-05-08T02-42-51_thread_touch_160922fd.json": [
      {
        "type": "Hex High Entropy String",
        "filename": "openai_bridge/pending_writes/2026-05-08T02-42-51_thread_touch_160922fd.json",
        "hashed_secret": "ad58dd2f4366ed2638c68e8b663b508730eab72b",
        "is_verified": false,
        "line_number": 26
      },
      {
        "type": "Hex High Entropy String",
        "filename": "openai_bridge/pending_writes/2026-05-08T02-42-51_thread_touch_160922fd.json",
        "hashed_secret": "acc8ff1a8a25c039c888a500a5a8273a65b8ad50",
        "is_verified": false,
        "line_number": 27
      }
    ],
    "openai_bridge/pending_writes/2026-05-08T02-43-25_handoff_8749f2d9.json": [
      {
        "type": "Hex High Entropy String",
        "filename": "openai_bridge/pending_writes/2026-05-08T02-43-25_handoff_8749f2d9.json",
        "hashed_secret": "22531ab6ca7a509e962092eaf13be281384d2f44",
        "is_verified": false,
        "line_number": 27
      },
      {
        "type": "Hex High Entropy String",
        "filename": "openai_bridge/pending_writes/2026-05-08T02-43-25_handoff_8749f2d9.json",
        "hashed_secret": "b595642d41fb9219000b3463329774880c6f5869",
        "is_verified": false,
        "line_number": 28
      }
    ],
    "openai_bridge/pending_writes/2026-05-08T02-43-25_record_open_thread_b226d989.json": [
      {
        "type": "Hex High Entropy String",
        "filename": "openai_bridge/pending_writes/2026-05-08T02-43-25_record_open_thread_b226d989.json",
        "hashed_secret": "3c112201dab5e2c05fa092d41f3df608b4485df8",
        "is_verified": false,
        "line_number": 37
      },
      {
        "type": "Hex High Entropy String",
        "filename": "openai_bridge/pending_writes/2026-05-08T02-43-25_record_open_thread_b226d989.json",
        "hashed_secret": "2a4e1d107e8e2bbe1bb0b638a4b36334111110e2",
        "is_verified": false,
        "line_number": 38
      }
    ],
    "openai_bridge/pending_writes/2026-05-08T02-43-25_thread_touch_563d6d4f.json": [
      {
        "type": "Hex High Entropy String",
        "filename": "openai_bridge/pending_writes/2026-05-08T02-43-25_thread_touch_563d6d4f.json",
        "hashed_secret": "7430e1ae895c43aeb832d05a2223616e5f4c107a",
        "is_verified": false,
        "line_number": 26
      },
      {
        "type": "Hex High Entropy String",
        "filename": "openai_bridge/pending_writes/2026-05-08T02-43-25_thread_touch_563d6d4f.json",
        "hashed_secret": "2cca07c74037b2249a8e30026756db054c6fa5f9",
        "is_verified": false,
        "line_number": 27
      }
    ],
    "openai_bridge/pending_writes/2026-05-08T02-53-17_handoff_ca80ab3a.json": [
      {
        "type": "Hex High Entropy String",
        "filename": "openai_bridge/pending_writes/2026-05-08T02-53-17_handoff_ca80ab3a.json",
        "hashed_secret": "466be852bd3f143163b5b72595a890daae27de7a",
        "is_verified": false,
        "line_number": 27
      },
      {
        "type": "Hex High Entropy String",
        "filename": "openai_bridge/pending_writes/2026-05-08T02-53-17_handoff_ca80ab3a.json",
        "hashed_secret": "1170546008f392f21979427cc5abb75dbfdc72b0",
        "is_verified": false,
        "line_number": 28
      }
    ],
    "openai_bridge/pending_writes/2026-05-08T02-53-17_record_open_thread_fa3df69d.json": [
      {
        "type": "Hex High Entropy String",
        "filename": "openai_bridge/pending_writes/2026-05-08T02-53-17_record_open_thread_fa3df69d.json",
        "hashed_secret": "07627cde1ce22438021e06c07371130daddc6047",
        "is_verified": false,
        "line_number": 37
      },
      {
        "type": "Hex High Entropy String",
        "filename": "openai_bridge/pending_writes/2026-05-08T02-53-17_record_open_thread_fa3df69d.json",
        "hashed_secret": "b85f1516f3d0e4e636dfef6f268dcea94025ed59",
        "is_verified": false,
        "line_number": 38
      }
    ],
    "openai_bridge/pending_writes/2026-05-08T02-53-17_thread_touch_68d462ca.json": [
      {
        "type": "Hex High Entropy String",
        "filename": "openai_bridge/pending_writes/2026-05-08T02-53-17_thread_touch_68d462ca.json",
        "hashed_secret": "2b5415c2fd9a134e22d66f4e88bd522560f50532",
        "is_verified": false,
        "line_number": 26
      },
      {
        "type": "Hex High Entropy String",
        "filename": "openai_bridge/pending_writes/2026-05-08T02-53-17_thread_touch_68d462ca.json",
        "hashed_secret": "9bd57d1aace55b091c7b8bcef823f640fa7a15aa",
        "is_verified": false,
        "line_number": 27
      }
    ],
    "openai_bridge/pending_writes/2026-05-08T02-53-23_record_open_thread_48ceddc7.json": [
      {
        "type": "Hex High Entropy String",
        "filename": "openai_bridge/pending_writes/2026-05-08T02-53-23_record_open_thread_48ceddc7.json",
        "hashed_secret": "69f57a05fe83509b2e0dbed031b96b644a42522f",
        "is_verified": false,
        "line_number": 37
      },
      {
        "type": "Hex High Entropy String",
        "filename": "openai_bridge/pending_writes/2026-05-08T02-53-23_record_open_thread_48ceddc7.json",
        "hashed_secret": "5b932ee6763115beb6584eb2d966667cdbf2dbfd",
        "is_verified": false,
        "line_number": 38
      }
    ],
    "openai_bridge/pending_writes/2026-05-08T19-20-09_record_open_thread_f86eb8c3.json": [
      {
        "type": "Hex High Entropy String",
        "filename": "openai_bridge/pending_writes/2026-05-08T19-20-09_record_open_thread_f86eb8c3.json",
        "hashed_secret": "4840ea92eeb46d8a0f25c8a8dbb329103f1e56c6",
        "is_verified": false,
        "line_number": 27
      },
      {
        "type": "Hex High Entropy String",
        "filename": "openai_bridge/pending_writes/2026-05-08T19-20-09_record_open_thread_f86eb8c3.json",
        "hashed_secret": "65adef18720ae66860edd4f9d402ebd0bc407795",
        "is_verified": false,
        "line_number": 28
      }
    ],
    "openai_bridge/pending_writes/2026-05-08T20-42-00_record_open_thread_5db13d7c.json": [
      {
        "type": "Hex High Entropy String",
        "filename": "openai_bridge/pending_writes/2026-05-08T20-42-00_record_open_thread_5db13d7c.json",
        "hashed_secret": "de1f7c6ced661575e396fc55b002656aab23455e",
        "is_verified": false,
        "line_number": 27
      },
      {
        "type": "Hex High Entropy String",
        "filename": "openai_bridge/pending_writes/2026-05-08T20-42-00_record_open_thread_5db13d7c.json",
        "hashed_secret": "2c55bda86c30916abad55a4c1787de34eb90a112",
        "is_verified": false,
        "line_number": 28
      }
    ],
    "openai_bridge/pending_writes/2026-05-08T20-42-23_record_open_thread_fb2abb6f.json": [
      {
        "type": "Hex High Entropy String",
        "filename": "openai_bridge/pending_writes/2026-05-08T20-42-23_record_open_thread_fb2abb6f.json",
        "hashed_secret": "ea5141620fa97dd0cf03c4a3ca8fce5330862aab",
        "is_verified": false,
        "line_number": 36
      },
      {
        "type": "Hex High Entropy String",
        "filename": "openai_bridge/pending_writes/2026-05-08T20-42-23_record_open_thread_fb2abb6f.json",
        "hashed_secret": "4a2ec39369843a8293ed5af947b3a69137848eff",
        "is_verified": false,
        "line_number": 37
      }
    ],
    "openai_bridge/pending_writes/2026-05-08T21-13-06_propose_insight_367cdf0d.json": [
      {
        "type": "Hex High Entropy String",
        "filename": "openai_bridge/pending_writes/2026-05-08T21-13-06_propose_insight_367cdf0d.json",
        "hashed_secret": "b14f13f83b350c04ae082bf2bd3750f3e555729e",
        "is_verified": false,
        "line_number": 28
      },
      {
        "type": "Hex High Entropy String",
        "filename": "openai_bridge/pending_writes/2026-05-08T21-13-06_propose_insight_367cdf0d.json",
        "hashed_secret": "1e04acf3e264d4079f372f5a3d747864a10b385c",
        "is_verified": false,
        "line_number": 29
      }
    ],
    "openai_bridge/pending_writes/2026-05-08T21-13-48_propose_insight_b23a333b.json": [
      {
        "type": "Hex High Entropy String",
        "filename": "openai_bridge/pending_writes/2026-05-08T21-13-48_propose_insight_b23a333b.json",
        "hashed_secret": "cfbd7cf0f1635fa0668f786c649c739df1947d55",
        "is_verified": false,
        "line_number": 37
      },
      {
        "type": "Hex High Entropy String",
        "filename": "openai_bridge/pending_writes/2026-05-08T21-13-48_propose_insight_b23a333b.json",
        "hashed_secret": "3f386510bc0ea9679c4c06ef3186099f1625b088",
        "is_verified": false,
        "line_number": 38
      }
    ],
    "openai_bridge/pending_writes/2026-05-08T21-15-53_propose_insight_9dafbc9d.json": [
      {
        "type": "Hex High Entropy String",
        "filename": "openai_bridge/pending_writes/2026-05-08T21-15-53_propose_insight_9dafbc9d.json",
        "hashed_secret": "a4453bf641aaff491610001b3c045e4eb52b59ee",
        "is_verified": false,
        "line_number": 37
      },
      {
        "type": "Hex High Entropy String",
        "filename": "openai_bridge/pending_writes/2026-05-08T21-15-53_propose_insight_9dafbc9d.json",
        "hashed_secret": "ca5e2618c740e70edd9315cbfe87a3857cdb4ed0",
        "is_verified": false,
        "line_number": 38
      }
    ],
    "openai_bridge/pending_writes/2026-05-08T21-18-20_handoff_4ae93e51.json": [
      {
        "type": "Hex High Entropy String",
        "filename": "openai_bridge/pending_writes/2026-05-08T21-18-20_handoff_4ae93e51.json",
        "hashed_secret": "0735d76a7e1db36e9876eaee90095723565c4b38",
        "is_verified": false,
        "line_number": 36
      },
      {
        "type": "Hex High Entropy String",
        "filename": "openai_bridge/pending_writes/2026-05-08T21-18-20_handoff_4ae93e51.json",
        "hashed_secret": "b6117c5733a0dc642996e37e208417f79fcb2696",
        "is_verified": false,
        "line_number": 37
      }
    ],
    "openai_bridge/pending_writes/2026-05-08T21-19-31_end_bridge_session_b9a780d3.json": [
      {
        "type": "Hex High Entropy String",
        "filename": "openai_bridge/pending_writes/2026-05-08T21-19-31_end_bridge_session_b9a780d3.json",
        "hashed_secret": "a6df4ed706a2b0b35448e8afc8c313d4ad3cca8d",
        "is_verified": false,
        "line_number": 36
      },
      {
        "type": "Hex High Entropy String",
        "filename": "openai_bridge/pending_writes/2026-05-08T21-19-31_end_bridge_session_b9a780d3.json",
        "hashed_secret": "59097b2fd4734a6beb38ad3a5a128b148e12516a",
        "is_verified": false,
        "line_number": 37
      }
    ],
    "openai_bridge/pending_writes/2026-05-09T16-52-24_propose_learning_4735191d.json": [
      {
        "type": "Hex High Entropy String",
        "filename": "openai_bridge/pending_writes/2026-05-09T16-52-24_propose_learning_4735191d.json",
        "hashed_secret": "1cb654bfae6a3520d127eebfc57af943b0e704ed",
        "is_verified": false,
        "line_number": 38
      },
      {
        "type": "Hex High Entropy String",
        "filename": "openai_bridge/pending_writes/2026-05-09T16-52-24_propose_learning_4735191d.json",
        "hashed_secret": "d977b9337027ca9fb618c35c53245a6839417319",
        "is_verified": false,
        "line_number": 39
      }
    ],
    "openai_bridge/pending_writes/2026-05-09T16-58-04_thread_touch_3f187806.json": [
      {
        "type": "Hex High Entropy String",
        "filename": "openai_bridge/pending_writes/2026-05-09T16-58-04_thread_touch_3f187806.json",
        "hashed_secret": "17c2ce3b8c2f3ef2c4b217880afe197c66c86fea",
        "is_verified": false,
        "line_number": 40
      },
      {
        "type": "Hex High Entropy String",
        "filename": "openai_bridge/pending_writes/2026-05-09T16-58-04_thread_touch_3f187806.json",
        "hashed_secret": "839943c0ff2a4341efe3183c80e152e49731e5b8",
        "is_verified": false,
        "line_number": 41
      }
    ],
    "openai_bridge/pending_writes/2026-05-10T04-41-54_propose_insight_eebeb55b.json": [
      {
        "type": "Hex High Entropy String",
        "filename": "openai_bridge/pending_writes/2026-05-10T04-41-54_propose_insight_eebeb55b.json",
        "hashed_secret": "4cb6cc701a4e59058eb180436d5f5c57cd7034bb",
        "is_verified": false,
        "line_number": 37
      },
      {
        "type": "Hex High Entropy String",
        "filename": "openai_bridge/pending_writes/2026-05-10T04-41-54_propose_insight_eebeb55b.json",
        "hashed_secret": "e1cda19f5a81e7ebbaf5618284755e629928dd4c",
        "is_verified": false,
        "line_number": 38
      }
    ],
    "openai_bridge/pending_writes/2026-05-24T02-45-02_record_open_thread_7797b45a.json": [
      {
        "type": "Hex High Entropy String",
        "filename": "openai_bridge/pending_writes/2026-05-24T02-45-02_record_open_thread_7797b45a.json",
        "hashed_secret": "2f41dcfd543c6aee715d4117f484b3958647da08",
        "is_verified": false,
        "line_number": 36
      },
      {
        "type": "Hex High Entropy String",
        "filename": "openai_bridge/pending_writes/2026-05-24T02-45-02_record_open_thread_7797b45a.json",
        "hashed_secret": "ce0ab6aa2bb58bdd9bfbedfe04938a97c142304a",
        "is_verified": false,
        "line_number": 37
      }
    ],
    "openai_bridge/pending_writes/2026-05-24T13-40-54_propose_insight_e6f266df.json": [
      {
        "type": "Hex High Entropy String",
        "filename": "openai_bridge/pending_writes/2026-05-24T13-40-54_propose_insight_e6f266df.json",
        "hashed_secret": "9525b3ddf1dde6a32d6ccf419e7add9724a1e209",
        "is_verified": false,
        "line_number": 37
      },
      {
        "type": "Hex High Entropy String",
        "filename": "openai_bridge/pending_writes/2026-05-24T13-40-54_propose_insight_e6f266df.json",
        "hashed_secret": "9c620214df19d9b9ccc908270a7b97b629bb2f3b",
        "is_verified": false,
        "line_number": 38
      }
    ],
    "openai_bridge/pending_writes/2026-05-24T13-40-59_propose_insight_07e89363.json": [
      {
        "type": "Hex High Entropy String",
        "filename": "openai_bridge/pending_writes/2026-05-24T13-40-59_propose_insight_07e89363.json",
        "hashed_secret": "be2a7e7d9ead6370be8ee3d38ebfad60e38858e7",
        "is_verified": false,
        "line_number": 37
      },
      {
        "type": "Hex High Entropy String",
        "filename": "openai_bridge/pending_writes/2026-05-24T13-40-59_propose_insight_07e89363.json",
        "hashed_secret": "fc8c744e6ee1489a827347c739d009b6f2193f0c",
        "is_verified": false,
        "line_number": 38
      }
    ],
    "openai_bridge/pending_writes/2026-05-24T13-41-01_propose_insight_38000625.json": [
      {
        "type": "Hex High Entropy String",
        "filename": "openai_bridge/pending_writes/2026-05-24T13-41-01_propose_insight_38000625.json",
        "hashed_secret": "46b859d7a15ce5bbcc48c3f3d23a0b0db592e4c1",
        "is_verified": false,
        "line_number": 37
      },
      {
        "type": "Hex High Entropy String",
        "filename": "openai_bridge/pending_writes/2026-05-24T13-41-01_propose_insight_38000625.json",
        "hashed_secret": "8f8332caee21fd89a76210e792f0c47e9bccbc34",
        "is_verified": false,
        "line_number": 38
      }
    ],
    "openai_bridge/pending_writes/2026-05-24T13-41-09_propose_insight_3c8bb20c.json": [
      {
        "type": "Hex High Entropy String",
        "filename": "openai_bridge/pending_writes/2026-05-24T13-41-09_propose_insight_3c8bb20c.json",
        "hashed_secret": "52ace2024ffcf9c79a33aee8f15254f24ca34e70",
        "is_verified": false,
        "line_number": 37
      },
      {
        "type": "Hex High Entropy String",
        "filename": "openai_bridge/pending_writes/2026-05-24T13-41-09_propose_insight_3c8bb20c.json",
        "hashed_secret": "0121855b772a3236725cf8e4d8eba7ba7a67dbb2",
        "is_verified": false,
        "line_number": 38
      }
    ],
    "openai_bridge/pending_writes/2026-05-24T13-41-18_propose_insight_aaa9130d.json": [
      {
        "type": "Hex High Entropy String",
        "filename": "openai_bridge/pending_writes/2026-05-24T13-41-18_propose_insight_aaa9130d.json",
        "hashed_secret": "9a8d9f435a5a0c3981b2c4e5ff8029df5da412bb",
        "is_verified": false,
        "line_number": 37
      },
      {
        "type": "Hex High Entropy String",
        "filename": "openai_bridge/pending_writes/2026-05-24T13-41-18_propose_insight_aaa9130d.json",
        "hashed_secret": "657a41762eea36403c80a0f4c44c7af0398e5d6e",
        "is_verified": false,
        "line_number": 38
      }
    ],
    "openai_bridge/pending_writes/2026-05-24T13-41-22_propose_insight_78488586.json": [
      {
        "type": "Hex High Entropy String",
        "filename": "openai_bridge/pending_writes/2026-05-24T13-41-22_propose_insight_78488586.json",
        "hashed_secret": "89832e2b22c942ae3d094b6d9ac2cc69e107f870",
        "is_verified": false,
        "line_number": 37
      },
      {
        "type": "Hex High Entropy String",
        "filename": "openai_bridge/pending_writes/2026-05-24T13-41-22_propose_insight_78488586.json",
        "hashed_secret": "f66cb99f19b5981bdb6cbec4a3dfeef73fad76d9",
        "is_verified": false,
        "line_number": 38
      }
    ],
    "openai_bridge/pending_writes/2026-05-24T13-41-23_propose_insight_41078959.json": [
      {
        "type": "Hex High Entropy String",
        "filename": "openai_bridge/pending_writes/2026-05-24T13-41-23_propose_insight_41078959.json",
        "hashed_secret": "e9c66b36338fbf099721391c1d7040650c9a536f",
        "is_verified": false,
        "line_number": 37
      },
      {
        "type": "Hex High Entropy String",
        "filename": "openai_bridge/pending_writes/2026-05-24T13-41-23_propose_insight_41078959.json",
        "hashed_secret": "253a5aab3afe1fd797d771797794d06f5673c653",
        "is_verified": false,
        "line_number": 38
      }
    ],
    "openai_bridge/pending_writes/2026-05-24T13-41-37_propose_insight_b07813f5.json": [
      {
        "type": "Hex High Entropy String",
        "filename": "openai_bridge/pending_writes/2026-05-24T13-41-37_propose_insight_b07813f5.json",
        "hashed_secret": "eaaba59728cd5279d239e8af40af95f8181867e1",
        "is_verified": false,
        "line_number": 37
      },
      {
        "type": "Hex High Entropy String",
        "filename": "openai_bridge/pending_writes/2026-05-24T13-41-37_propose_insight_b07813f5.json",
        "hashed_secret": "3e1a1e3ba3b3375f27ca354c4c2d037d059f7bef",
        "is_verified": false,
        "line_number": 38
      }
    ],
    "openai_bridge/pending_writes/2026-05-24T13-41-39_propose_insight_b8dcbffa.json": [
      {
        "type": "Hex High Entropy String",
        "filename": "openai_bridge/pending_writes/2026-05-24T13-41-39_propose_insight_b8dcbffa.json",
        "hashed_secret": "8b040d49c9272a6dc1999856526f9f4859b1495a",
        "is_verified": false,
        "line_number": 37
      },
      {
        "type": "Hex High Entropy String",
        "filename": "openai_bridge/pending_writes/2026-05-24T13-41-39_propose_insight_b8dcbffa.json",
        "hashed_secret": "0be7868db75236c3c039b4a0a6467894864b8816",
        "is_verified": false,
        "line_number": 38
      }
    ],
    "openai_bridge/pending_writes/2026-05-24T13-41-42_propose_insight_68ae5116.json": [
      {
        "type": "Hex High Entropy String",
        "filename": "openai_bridge/pending_writes/2026-05-24T13-41-42_propose_insight_68ae5116.json",
        "hashed_secret": "d6e604e159015c9227b3db4f80d651eabbc08bdc",
        "is_verified": false,
        "line_number": 37
      },
      {
        "type": "Hex High Entropy String",
        "filename": "openai_bridge/pending_writes/2026-05-24T13-41-42_propose_insight_68ae5116.json",
        "hashed_secret": "41854cb525bfb90d30e07de1fa18f140517560fd",
        "is_verified": false,
        "line_number": 38
      }
    ],
    "openai_bridge/pending_writes/2026-05-24T13-41-47_record_open_thread_aacda851.json": [
      {
        "type": "Hex High Entropy String",
        "filename": "openai_bridge/pending_writes/2026-05-24T13-41-47_record_open_thread_aacda851.json",
        "hashed_secret": "b6f2b31f79ea2b90dc4e1e97790830b53cfe06e2",
        "is_verified": false,
        "line_number": 36
      },
      {
        "type": "Hex High Entropy String",
        "filename": "openai_bridge/pending_writes/2026-05-24T13-41-47_record_open_thread_aacda851.json",
        "hashed_secret": "35292710887ca1c54f35f0c8f3926474ba116962",
        "is_verified": false,
        "line_number": 37
      }
    ],
    "openai_bridge/pending_writes/2026-05-24T13-41-51_record_open_thread_57a1f837.json": [
      {
        "type": "Hex High Entropy String",
        "filename": "openai_bridge/pending_writes/2026-05-24T13-41-51_record_open_thread_57a1f837.json",
        "hashed_secret": "70fd195f2fc7de5d7ca0a64cd751ff049ee4829c",
        "is_verified": false,
        "line_number": 36
      },
      {
        "type": "Hex High Entropy String",
        "filename": "openai_bridge/pending_writes/2026-05-24T13-41-51_record_open_thread_57a1f837.json",
        "hashed_secret": "22b80731849578f151bc636ba294779760b5b110",
        "is_verified": false,
        "line_number": 37
      }
    ],
    "openai_bridge/pending_writes/2026-05-24T13-42-15_propose_insight_21b87185.json": [
      {
        "type": "Hex High Entropy String",
        "filename": "openai_bridge/pending_writes/2026-05-24T13-42-15_propose_insight_21b87185.json",
        "hashed_secret": "8b2f470ff4b44d8a84c3d6be0b589e697b2e3db8",
        "is_verified": false,
        "line_number": 37
      },
      {
        "type": "Hex High Entropy String",
        "filename": "openai_bridge/pending_writes/2026-05-24T13-42-15_propose_insight_21b87185.json",
        "hashed_secret": "bd54d3da971a84c399ed219d71b535cd79bc8324",
        "is_verified": false,
        "line_number": 38
      }
    ],
    "openai_bridge/pending_writes/2026-05-24T13-45-26_propose_insight_7522a39d.json": [
      {
        "type": "Hex High Entropy String",
        "filename": "openai_bridge/pending_writes/2026-05-24T13-45-26_propose_insight_7522a39d.json",
        "hashed_secret": "33a894750144f1b81626f16df6b19ae98423c4c5",
        "is_verified": false,
        "line_number": 38
      },
      {
        "type": "Hex High Entropy String",
        "filename": "openai_bridge/pending_writes/2026-05-24T13-45-26_propose_insight_7522a39d.json",
        "hashed_secret": "e788201fa65f7368f3261cace9a4f139deaad331",
        "is_verified": false,
        "line_number": 39
      }
    ],
    "openai_bridge/pending_writes/2026-05-24T13-45-35_propose_insight_932ae959.json": [
      {
        "type": "Hex High Entropy String",
        "filename": "openai_bridge/pending_writes/2026-05-24T13-45-35_propose_insight_932ae959.json",
        "hashed_secret": "8421085604e2c1655de5546f90b7645a4e3c21a4",
        "is_verified": false,
        "line_number": 37
      },
      {
        "type": "Hex High Entropy String",
        "filename": "openai_bridge/pending_writes/2026-05-24T13-45-35_propose_insight_932ae959.json",
        "hashed_secret": "185f38c617768d2b6310e8b3248b4264ff6f6694",
        "is_verified": false,
        "line_number": 38
      }
    ],
    "openai_bridge/pending_writes/2026-05-24T13-45-39_propose_learning_ee283eae.json": [
      {
        "type": "Hex High Entropy String",
        "filename": "openai_bridge/pending_writes/2026-05-24T13-45-39_propose_learning_ee283eae.json",
        "hashed_secret": "6589cd08eed1f435e57a549f5e6e429afc19fd5d",
        "is_verified": false,
        "line_number": 37
      },
      {
        "type": "Hex High Entropy String",
        "filename": "openai_bridge/pending_writes/2026-05-24T13-45-39_propose_learning_ee283eae.json",
        "hashed_secret": "7de1eae943e472e3d85edee47aca4da0ac43bd87",
        "is_verified": false,
        "line_number": 38
      }
    ],
    "openai_bridge/pending_writes/2026-05-24T13-49-36_propose_insight_f6d3a493.json": [
      {
        "type": "Hex High Entropy String",
        "filename": "openai_bridge/pending_writes/2026-05-24T13-49-36_propose_insight_f6d3a493.json",
        "hashed_secret": "d0bbf4371e5529538485962b4da49f531ca6c4c0",
        "is_verified": false,
        "line_number": 37
      },
      {
        "type": "Hex High Entropy String",
        "filename": "openai_bridge/pending_writes/2026-05-24T13-49-36_propose_insight_f6d3a493.json",
        "hashed_secret": "9b4b189d08c7377e1ce959c2505d456f0ddc9a64",
        "is_verified": false,
        "line_number": 38
      }
    ],
    "openai_bridge/pending_writes/2026-05-24T13-50-58_propose_insight_3b71ba6c.json": [
      {
        "type": "Hex High Entropy String",
        "filename": "openai_bridge/pending_writes/2026-05-24T13-50-58_propose_insight_3b71ba6c.json",
        "hashed_secret": "a6ef3f63a127e42d3ad44987cf9af2929fda8686",
        "is_verified": false,
        "line_number": 37
      },
      {
        "type": "Hex High Entropy String",
        "filename": "openai_bridge/pending_writes/2026-05-24T13-50-58_propose_insight_3b71ba6c.json",
        "hashed_secret": "a9d8a4d02b1c4f1938cd53fa2d2d71ab0c1e7968",
        "is_verified": false,
        "line_number": 38
      }
    ],
    "openai_bridge/pending_writes/2026-05-24T13-51-26_propose_insight_20d35a26.json": [
      {
        "type": "Hex High Entropy String",
        "filename": "openai_bridge/pending_writes/2026-05-24T13-51-26_propose_insight_20d35a26.json",
        "hashed_secret": "2b706dce01a33c185b08495c07c724965a893025",
        "is_verified": false,
        "line_number": 37
      },
      {
        "type": "Hex High Entropy String",
        "filename": "openai_bridge/pending_writes/2026-05-24T13-51-26_propose_insight_20d35a26.json",
        "hashed_secret": "8c13b324b5cd6e89de9d8cc79d37c77525563ae1",
        "is_verified": false,
        "line_number": 38
      }
    ],
    "openai_bridge/pending_writes/2026-05-24T13-52-03_propose_insight_c2b03092.json": [
      {
        "type": "Hex High Entropy String",
        "filename": "openai_bridge/pending_writes/2026-05-24T13-52-03_propose_insight_c2b03092.json",
        "hashed_secret": "3299e8ad30517505e57dba1edbd462fe9dd32c48",
        "is_verified": false,
        "line_number": 37
      },
      {
        "type": "Hex High Entropy String",
        "filename": "openai_bridge/pending_writes/2026-05-24T13-52-03_propose_insight_c2b03092.json",
        "hashed_secret": "28b5c0976535e908198824578e4c623bec71ace4",
        "is_verified": false,
        "line_number": 38
      }
    ],
    "openai_bridge/pending_writes/2026-05-24T13-52-11_propose_insight_57de709d.json": [
      {
        "type": "Hex High Entropy String",
        "filename": "openai_bridge/pending_writes/2026-05-24T13-52-11_propose_insight_57de709d.json",
        "hashed_secret": "4c01f3d5efd4ce4ecb2ff365c8d077a3d1215668",
        "is_verified": false,
        "line_number": 37
      },
      {
        "type": "Hex High Entropy String",
        "filename": "openai_bridge/pending_writes/2026-05-24T13-52-11_propose_insight_57de709d.json",
        "hashed_secret": "d0f8fab2e84865dd1a38951c597c6dac07036500",
        "is_verified": false,
        "line_number": 38
      }
    ],
    "openai_bridge/pending_writes/2026-05-24T14-12-39_propose_insight_80825e98.json": [
      {
        "type": "Hex High Entropy String",
        "filename": "openai_bridge/pending_writes/2026-05-24T14-12-39_propose_insight_80825e98.json",
        "hashed_secret": "bfb6582c012b821c6000cd5adbaafd3e107f9377",
        "is_verified": false,
        "line_number": 28
      },
      {
        "type": "Hex High Entropy String",
        "filename": "openai_bridge/pending_writes/2026-05-24T14-12-39_propose_insight_80825e98.json",
        "hashed_secret": "2b74a008bc205c3d9a393b2fdb00b378fe400644",
        "is_verified": false,
        "line_number": 29
      }
    ],
    "openai_bridge/pending_writes/2026-05-24T14-12-48_propose_insight_d27b868d.json": [
      {
        "type": "Hex High Entropy String",
        "filename": "openai_bridge/pending_writes/2026-05-24T14-12-48_propose_insight_d27b868d.json",
        "hashed_secret": "4c160b49a05931403b435d3d8af887dbf8fc81cd",
        "is_verified": false,
        "line_number": 28
      },
      {
        "type": "Hex High Entropy String",
        "filename": "openai_bridge/pending_writes/2026-05-24T14-12-48_propose_insight_d27b868d.json",
        "hashed_secret": "b30cf5877946a9e50e835e2023f59f8213298e61",
        "is_verified": false,
        "line_number": 29
      }
    ],
    "openai_bridge/pending_writes/2026-05-24T14-13-08_propose_insight_9597a0c9.json": [
      {
        "type": "Hex High Entropy String",
        "filename": "openai_bridge/pending_writes/2026-05-24T14-13-08_propose_insight_9597a0c9.json",
        "hashed_secret": "eee1bd0db7bc0cd0c99ebd2254dc35f21b3ffa07",
        "is_verified": false,
        "line_number": 28
      },
      {
        "type": "Hex High Entropy String",
        "filename": "openai_bridge/pending_writes/2026-05-24T14-13-08_propose_insight_9597a0c9.json",
        "hashed_secret": "45334c9545f14adcd790a109bb633e09388020a4",
        "is_verified": false,
        "line_number": 29
      }
    ],
    "openai_bridge/pending_writes/2026-05-24T14-13-50_propose_insight_01cab059.json": [
      {
        "type": "Hex High Entropy String",
        "filename": "openai_bridge/pending_writes/2026-05-24T14-13-50_propose_insight_01cab059.json",
        "hashed_secret": "d104859df2671824f2bf0e291462f9c4e6e1cc3d",
        "is_verified": false,
        "line_number": 28
      },
      {
        "type": "Hex High Entropy String",
        "filename": "openai_bridge/pending_writes/2026-05-24T14-13-50_propose_insight_01cab059.json",
        "hashed_secret": "ef938aba3503f46aeb6894aed04824b3903c4771",
        "is_verified": false,
        "line_number": 29
      }
    ],
    "openai_bridge/pending_writes/2026-05-24T15-00-40_record_open_thread_4c32ecf6.json": [
      {
        "type": "Hex High Entropy String",
        "filename": "openai_bridge/pending_writes/2026-05-24T15-00-40_record_open_thread_4c32ecf6.json",
        "hashed_secret": "24b590b8e4b9c400a9c86bbda4302d6bdc7a330f",
        "is_verified": false,
        "line_number": 27
      },
      {
        "type": "Hex High Entropy String",
        "filename": "openai_bridge/pending_writes/2026-05-24T15-00-40_record_open_thread_4c32ecf6.json",
        "hashed_secret": "1b269f818e5afcfa4ed5e5db276722a1de92b797",
        "is_verified": false,
        "line_number": 28
      }
    ],
    "openai_bridge/pending_writes/2026-05-24T15-00-48_record_open_thread_e219fcba.json": [
      {
        "type": "Hex High Entropy String",
        "filename": "openai_bridge/pending_writes/2026-05-24T15-00-48_record_open_thread_e219fcba.json",
        "hashed_secret": "5edaf3ebdc1704bb78542100567966ca91ede64c",
        "is_verified": false,
        "line_number": 27
      },
      {
        "type": "Hex High Entropy String",
        "filename": "openai_bridge/pending_writes/2026-05-24T15-00-48_record_open_thread_e219fcba.json",
        "hashed_secret": "494c2d65f1f09f9f6d6ea591a3a12ea7c614f543",
        "is_verified": false,
        "line_number": 28
      }
    ],
    "openai_bridge/pending_writes/2026-05-24T15-01-06_propose_insight_0ad20026.json": [
      {
        "type": "Hex High Entropy String",
        "filename": "openai_bridge/pending_writes/2026-05-24T15-01-06_propose_insight_0ad20026.json",
        "hashed_secret": "e09b00de15e0f62972befa050b24877877332d5c",
        "is_verified": false,
        "line_number": 28
      },
      {
        "type": "Hex High Entropy String",
        "filename": "openai_bridge/pending_writes/2026-05-24T15-01-06_propose_insight_0ad20026.json",
        "hashed_secret": "2676df1fce5cb6702bfe23ef9eb7990947ed16b5",
        "is_verified": false,
        "line_number": 29
      }
    ],
    "openai_bridge/pending_writes/2026-05-24T15-01-13_propose_insight_f1e23e1b.json": [
      {
        "type": "Hex High Entropy String",
        "filename": "openai_bridge/pending_writes/2026-05-24T15-01-13_propose_insight_f1e23e1b.json",
        "hashed_secret": "64a912368c2c94d1425409b5b0465958d1210bef",
        "is_verified": false,
        "line_number": 28
      },
      {
        "type": "Hex High Entropy String",
        "filename": "openai_bridge/pending_writes/2026-05-24T15-01-13_propose_insight_f1e23e1b.json",
        "hashed_secret": "9507f099df3d3e562f51c99976a0e3323f3c91c3",
        "is_verified": false,
        "line_number": 29
      }
    ],
    "openai_bridge/pending_writes/2026-05-24T15-01-21_propose_learning_39f6bcc8.json": [
      {
        "type": "Hex High Entropy String",
        "filename": "openai_bridge/pending_writes/2026-05-24T15-01-21_propose_learning_39f6bcc8.json",
        "hashed_secret": "e1f8ee354f4bdf1447fa071c01c589d8252c7173",
        "is_verified": false,
        "line_number": 28
      },
      {
        "type": "Hex High Entropy String",
        "filename": "openai_bridge/pending_writes/2026-05-24T15-01-21_propose_learning_39f6bcc8.json",
        "hashed_secret": "e70baa779e37330788d95cba8ca97081cadb3c8a",
        "is_verified": false,
        "line_number": 29
      }
    ],
    "openai_bridge/pending_writes/2026-05-24T15-01-31_record_open_thread_627702b1.json": [
      {
        "type": "Hex High Entropy String",
        "filename": "openai_bridge/pending_writes/2026-05-24T15-01-31_record_open_thread_627702b1.json",
        "hashed_secret": "e7e9f0238f5baf8cc2fd896cc3af8c7c47bc77f9",
        "is_verified": false,
        "line_number": 27
      },
      {
        "type": "Hex High Entropy String",
        "filename": "openai_bridge/pending_writes/2026-05-24T15-01-31_record_open_thread_627702b1.json",
        "hashed_secret": "a44e54c1cf8d1932311a210e8731d3ac96723c12",
        "is_verified": false,
        "line_number": 28
      }
    ],
    "openai_bridge/pending_writes/2026-05-24T15-01-37_propose_insight_86c2bcb7.json": [
      {
        "type": "Hex High Entropy String",
        "filename": "openai_bridge/pending_writes/2026-05-24T15-01-37_propose_insight_86c2bcb7.json",
        "hashed_secret": "dc012770fb5129a1fad62e2419dbb29a6b59b0da",
        "is_verified": false,
        "line_number": 28
      },
      {
        "type": "Hex High Entropy String",
        "filename": "openai_bridge/pending_writes/2026-05-24T15-01-37_propose_insight_86c2bcb7.json",
        "hashed_secret": "3193c784b4915ddcdad1f3b6b1fa30a6f541bd66",
        "is_verified": false,
        "line_number": 29
      }
    ],
    "openai_bridge/pending_writes/2026-05-24T15-01-53_record_open_thread_889bc544.json": [
      {
        "type": "Hex High Entropy String",
        "filename": "openai_bridge/pending_writes/2026-05-24T15-01-53_record_open_thread_889bc544.json",
        "hashed_secret": "e23dfeaf96cf19fa71120454b3a07a1ecf588551",
        "is_verified": false,
        "line_number": 27
      },
      {
        "type": "Hex High Entropy String",
        "filename": "openai_bridge/pending_writes/2026-05-24T15-01-53_record_open_thread_889bc544.json",
        "hashed_secret": "285704f62780c3b6db443fc965779448e2f8b0a7",
        "is_verified": false,
        "line_number": 28
      }
    ],
    "openai_bridge/pending_writes/2026-05-24T15-01-59_propose_insight_99b5c6fe.json": [
      {
        "type": "Hex High Entropy String",
        "filename": "openai_bridge/pending_writes/2026-05-24T15-01-59_propose_insight_99b5c6fe.json",
        "hashed_secret": "fa6479a3b88e1251497d5762acd8cd338b06c462",
        "is_verified": false,
        "line_number": 28
      },
      {
        "type": "Hex High Entropy String",
        "filename": "openai_bridge/pending_writes/2026-05-24T15-01-59_propose_insight_99b5c6fe.json",
        "hashed_secret": "0ed75d3823bced1e46d0418306536aacaf8e8105",
        "is_verified": false,
        "line_number": 29
      }
    ],
    "openai_bridge/pending_writes/2026-05-24T20-27-51_propose_insight_2b1daa23.json": [
      {
        "type": "Hex High Entropy String",
        "filename": "openai_bridge/pending_writes/2026-05-24T20-27-51_propose_insight_2b1daa23.json",
        "hashed_secret": "62083e3de413bf0e5f4bde677058bf336dc28f45",
        "is_verified": false,
        "line_number": 28
      },
      {
        "type": "Hex High Entropy String",
        "filename": "openai_bridge/pending_writes/2026-05-24T20-27-51_propose_insight_2b1daa23.json",
        "hashed_secret": "048eac8c59df04b04c621164b9bb336a9f35928e",
        "is_verified": false,
        "line_number": 29
      }
    ],
    "openai_bridge/pending_writes/2026-05-25T06-44-34_handoff_bb01a5d3.json": [
      {
        "type": "Hex High Entropy String",
        "filename": "openai_bridge/pending_writes/2026-05-25T06-44-34_handoff_bb01a5d3.json",
        "hashed_secret": "bbb9eb9981fd8a75eec38fb38d625da2145e4213",
        "is_verified": false,
        "line_number": 27
      },
      {
        "type": "Hex High Entropy String",
        "filename": "openai_bridge/pending_writes/2026-05-25T06-44-34_handoff_bb01a5d3.json",
        "hashed_secret": "75ea0a031268a90a221605a5c4f7ae94494cc250",
        "is_verified": false,
        "line_number": 28
      }
    ],
    "openai_bridge/pending_writes/2026-05-25T06-44-34_record_open_thread_82d5be14.json": [
      {
        "type": "Hex High Entropy String",
        "filename": "openai_bridge/pending_writes/2026-05-25T06-44-34_record_open_thread_82d5be14.json",
        "hashed_secret": "717deff32da39e4ce823024173ed56a4b647c0b2",
        "is_verified": false,
        "line_number": 27
      },
      {
        "type": "Hex High Entropy String",
        "filename": "openai_bridge/pending_writes/2026-05-25T06-44-34_record_open_thread_82d5be14.json",
        "hashed_secret": "4ed183a2436cd9a290f37103b7495dc1a8e1634f",
        "is_verified": false,
        "line_number": 28
      }
    ],
    "openai_bridge/pending_writes/2026-05-25T06-44-34_thread_touch_3690370f.json": [
      {
        "type": "Hex High Entropy String",
        "filename": "openai_bridge/pending_writes/2026-05-25T06-44-34_thread_touch_3690370f.json",
        "hashed_secret": "eb3273c20f164e7b6f987d88f29c980e68650a41",
        "is_verified": false,
        "line_number": 26
      },
      {
        "type": "Hex High Entropy String",
        "filename": "openai_bridge/pending_writes/2026-05-25T06-44-34_thread_touch_3690370f.json",
        "hashed_secret": "977c251aa43bb473e89d30902104d2d80ed3e915",
        "is_verified": false,
        "line_number": 27
      }
    ],
    "openai_bridge/pending_writes/2026-05-25T06-44-39_handoff_83e128be.json": [
      {
        "type": "Hex High Entropy String",
        "filename": "openai_bridge/pending_writes/2026-05-25T06-44-39_handoff_83e128be.json",
        "hashed_secret": "249ded621b9b802384a739dd85450fb9e5aa40bb",
        "is_verified": false,
        "line_number": 27
      },
      {
        "type": "Hex High Entropy String",
        "filename": "openai_bridge/pending_writes/2026-05-25T06-44-39_handoff_83e128be.json",
        "hashed_secret": "6d7fc9e7142bda2f2d7a8156606961b6027083b0",
        "is_verified": false,
        "line_number": 28
      }
    ],
    "openai_bridge/pending_writes/2026-05-25T06-44-39_record_open_thread_d6147903.json": [
      {
        "type": "Hex High Entropy String",
        "filename": "openai_bridge/pending_writes/2026-05-25T06-44-39_record_open_thread_d6147903.json",
        "hashed_secret": "13e2db1d664bc3a06f314ca21255232babccd637",
        "is_verified": false,
        "line_number": 27
      },
      {
        "type": "Hex High Entropy String",
        "filename": "openai_bridge/pending_writes/2026-05-25T06-44-39_record_open_thread_d6147903.json",
        "hashed_secret": "702e0e3b763ac0ad5b2b40af804ad8646e23b0de",
        "is_verified": false,
        "line_number": 28
      }
    ],
    "openai_bridge/pending_writes/2026-05-25T06-44-39_thread_touch_dfae9500.json": [
      {
        "type": "Hex High Entropy String",
        "filename": "openai_bridge/pending_writes/2026-05-25T06-44-39_thread_touch_dfae9500.json",
        "hashed_secret": "0fe3b445561a10f5056aa7a033c4f9d873e0d100",
        "is_verified": false,
        "line_number": 26
      },
      {
        "type": "Hex High Entropy String",
        "filename": "openai_bridge/pending_writes/2026-05-25T06-44-39_thread_touch_dfae9500.json",
        "hashed_secret": "58a45d6ad01b3d40c055d196f75d635242baa687",
        "is_verified": false,
        "line_number": 27
      }
    ],
    "openai_bridge/pending_writes/2026-05-25T06-44-49_handoff_a1eebf6e.json": [
      {
        "type": "Hex High Entropy String",
        "filename": "openai_bridge/pending_writes/2026-05-25T06-44-49_handoff_a1eebf6e.json",
        "hashed_secret": "24c099993aaccf76378181abaceb46e8f7683111",
        "is_verified": false,
        "line_number": 27
      },
      {
        "type": "Hex High Entropy String",
        "filename": "openai_bridge/pending_writes/2026-05-25T06-44-49_handoff_a1eebf6e.json",
        "hashed_secret": "26bcdcbe0678c5c6e620b96667446c7fd1272611",
        "is_verified": false,
        "line_number": 28
      }
    ],
    "openai_bridge/pending_writes/2026-05-25T06-44-49_record_open_thread_4fd33604.json": [
      {
        "type": "Hex High Entropy String",
        "filename": "openai_bridge/pending_writes/2026-05-25T06-44-49_record_open_thread_4fd33604.json",
        "hashed_secret": "8999aeff490b68d45d3f1043c8ab0ed0f0768cc3",
        "is_verified": false,
        "line_number": 27
      },
      {
        "type": "Hex High Entropy String",
        "filename": "openai_bridge/pending_writes/2026-05-25T06-44-49_record_open_thread_4fd33604.json",
        "hashed_secret": "e99d909f4a9a97c570b2748556194465292103c7",
        "is_verified": false,
        "line_number": 28
      }
    ],
    "openai_bridge/pending_writes/2026-05-25T06-44-49_thread_touch_c8bba4a7.json": [
      {
        "type": "Hex High Entropy String",
        "filename": "openai_bridge/pending_writes/2026-05-25T06-44-49_thread_touch_c8bba4a7.json",
        "hashed_secret": "b4a8a31bd0223a28c000884dc0f44335cd5dc9a4",
        "is_verified": false,
        "line_number": 26
      },
      {
        "type": "Hex High Entropy String",
        "filename": "openai_bridge/pending_writes/2026-05-25T06-44-49_thread_touch_c8bba4a7.json",
        "hashed_secret": "cdcd28294df7382345df2b8b20b3e4c052e8f8c0",
        "is_verified": false,
        "line_number": 27
      }
    ],
    "openai_bridge/pending_writes/2026-05-25T06-46-20_handoff_a7e706c7.json": [
      {
        "type": "Hex High Entropy String",
        "filename": "openai_bridge/pending_writes/2026-05-25T06-46-20_handoff_a7e706c7.json",
        "hashed_secret": "375930704d179ffbc2597b81202249f1ecc19529",
        "is_verified": false,
        "line_number": 27
      },
      {
        "type": "Hex High Entropy String",
        "filename": "openai_bridge/pending_writes/2026-05-25T06-46-20_handoff_a7e706c7.json",
        "hashed_secret": "7b0d14c8e2e5359bd73dbc1c68d0c0d0f3815eac",
        "is_verified": false,
        "line_number": 28
      }
    ],
    "openai_bridge/pending_writes/2026-05-25T06-46-20_handoff_d1459918.json": [
      {
        "type": "Hex High Entropy String",
        "filename": "openai_bridge/pending_writes/2026-05-25T06-46-20_handoff_d1459918.json",
        "hashed_secret": "bbc902d0af5c8d5e87fdaab8b67deb9d9479e6ff",
        "is_verified": false,
        "line_number": 27
      },
      {
        "type": "Hex High Entropy String",
        "filename": "openai_bridge/pending_writes/2026-05-25T06-46-20_handoff_d1459918.json",
        "hashed_secret": "36f093257681a9cd00fd1a951c7fdc79a8058ea1",
        "is_verified": false,
        "line_number": 28
      }
    ],
    "openai_bridge/pending_writes/2026-05-25T06-46-20_record_open_thread_bcc8a0fc.json": [
      {
        "type": "Hex High Entropy String",
        "filename": "openai_bridge/pending_writes/2026-05-25T06-46-20_record_open_thread_bcc8a0fc.json",
        "hashed_secret": "0071652e9f842218d166067c79adcaca80756956",
        "is_verified": false,
        "line_number": 27
      },
      {
        "type": "Hex High Entropy String",
        "filename": "openai_bridge/pending_writes/2026-05-25T06-46-20_record_open_thread_bcc8a0fc.json",
        "hashed_secret": "9ed18f0b8769990fb1a9ed552b8f855146e9dc49",
        "is_verified": false,
        "line_number": 28
      }
    ],
    "openai_bridge/pending_writes/2026-05-25T06-46-20_record_open_thread_c00ba337.json": [
      {
        "type": "Hex High Entropy String",
        "filename": "openai_bridge/pending_writes/2026-05-25T06-46-20_record_open_thread_c00ba337.json",
        "hashed_secret": "7fb3a17d8a1b794df7a8185b4036675969bb1db7",
        "is_verified": false,
        "line_number": 27
      },
      {
        "type": "Hex High Entropy String",
        "filename": "openai_bridge/pending_writes/2026-05-25T06-46-20_record_open_thread_c00ba337.json",
        "hashed_secret": "ed9dd0be12a3d32c4e650316fb40dfbba1a01e94",
        "is_verified": false,
        "line_number": 28
      }
    ],
    "openai_bridge/pending_writes/2026-05-25T06-46-20_thread_touch_6a4230db.json": [
      {
        "type": "Hex High Entropy String",
        "filename": "openai_bridge/pending_writes/2026-05-25T06-46-20_thread_touch_6a4230db.json",
        "hashed_secret": "ec79f01e62d4a2838d0df5ee663d74ddee19b26a",
        "is_verified": false,
        "line_number": 26
      },
      {
        "type": "Hex High Entropy String",
        "filename": "openai_bridge/pending_writes/2026-05-25T06-46-20_thread_touch_6a4230db.json",
        "hashed_secret": "75de12b0386cc3145fd8525f9e771d162457c001",
        "is_verified": false,
        "line_number": 27
      }
    ],
    "openai_bridge/pending_writes/2026-05-25T06-46-20_thread_touch_dd82998a.json": [
      {
        "type": "Hex High Entropy String",
        "filename": "openai_bridge/pending_writes/2026-05-25T06-46-20_thread_touch_dd82998a.json",
        "hashed_secret": "510a24edc8e02bebe8ea6d3cab81c3f61e8d785c",
        "is_verified": false,
        "line_number": 26
      },
      {
        "type": "Hex High Entropy String",
        "filename": "openai_bridge/pending_writes/2026-05-25T06-46-20_thread_touch_dd82998a.json",
        "hashed_secret": "9eeef13c28f3685b0843e5097ba5fad83a97cba5",
        "is_verified": false,
        "line_number": 27
      }
    ],
    "openai_bridge/pending_writes/2026-05-27T20-24-42_handoff_e9d9972a.json": [
      {
        "type": "Hex High Entropy String",
        "filename": "openai_bridge/pending_writes/2026-05-27T20-24-42_handoff_e9d9972a.json",
        "hashed_secret": "1861c2022bbf0f1c391aa81a189d143ef671e266",
        "is_verified": false,
        "line_number": 27
      },
      {
        "type": "Hex High Entropy String",
        "filename": "openai_bridge/pending_writes/2026-05-27T20-24-42_handoff_e9d9972a.json",
        "hashed_secret": "3fa4a36556280f94949d2ade6ed979739d1670aa",
        "is_verified": false,
        "line_number": 28
      }
    ],
    "openai_bridge/pending_writes/2026-05-27T20-24-42_record_open_thread_36c570c1.json": [
      {
        "type": "Hex High Entropy String",
        "filename": "openai_bridge/pending_writes/2026-05-27T20-24-42_record_open_thread_36c570c1.json",
        "hashed_secret": "77706c1f46f5ae12891783ef52a43ac5b81b9e0d",
        "is_verified": false,
        "line_number": 27
      },
      {
        "type": "Hex High Entropy String",
        "filename": "openai_bridge/pending_writes/2026-05-27T20-24-42_record_open_thread_36c570c1.json",
        "hashed_secret": "ab6b513e3712b9c06042098e0e48e8fc24ddb18a",
        "is_verified": false,
        "line_number": 28
      }
    ],
    "openai_bridge/pending_writes/2026-05-27T20-24-42_thread_touch_2655d539.json": [
      {
        "type": "Hex High Entropy String",
        "filename": "openai_bridge/pending_writes/2026-05-27T20-24-42_thread_touch_2655d539.json",
        "hashed_secret": "156dd0dde0b7681106603a8231a905b7011c0cbd",
        "is_verified": false,
        "line_number": 26
      },
      {
        "type": "Hex High Entropy String",
        "filename": "openai_bridge/pending_writes/2026-05-27T20-24-42_thread_touch_2655d539.json",
        "hashed_secret": "17d524c21303b8c7853520bc070dc71ef3ec2a48",
        "is_verified": false,
        "line_number": 27
      }
    ],
    "openai_bridge/pending_writes/2026-05-27T20-24-54_handoff_8903351a.json": [
      {
        "type": "Hex High Entropy String",
        "filename": "openai_bridge/pending_writes/2026-05-27T20-24-54_handoff_8903351a.json",
        "hashed_secret": "a4d83b9fe38a87223e010069b75330f388b6183c",
        "is_verified": false,
        "line_number": 27
      },
      {
        "type": "Hex High Entropy String",
        "filename": "openai_bridge/pending_writes/2026-05-27T20-24-54_handoff_8903351a.json",
        "hashed_secret": "404dbf2ab67d5bad7175dbd46e7d547a52b067f0",
        "is_verified": false,
        "line_number": 28
      }
    ],
    "openai_bridge/pending_writes/2026-05-27T20-24-54_handoff_a8e375b6.json": [
      {
        "type": "Hex High Entropy String",
        "filename": "openai_bridge/pending_writes/2026-05-27T20-24-54_handoff_a8e375b6.json",
        "hashed_secret": "fc3889ec1a680077bd9ff0174ed5e9f3f069bae0",
        "is_verified": false,
        "line_number": 27
      },
      {
        "type": "Hex High Entropy String",
        "filename": "openai_bridge/pending_writes/2026-05-27T20-24-54_handoff_a8e375b6.json",
        "hashed_secret": "33435847b4bd5ad99f5ddbd4132b38f315bb838f",
        "is_verified": false,
        "line_number": 28
      }
    ],
    "openai_bridge/pending_writes/2026-05-27T20-24-54_record_open_thread_808fee65.json": [
      {
        "type": "Hex High Entropy String",
        "filename": "openai_bridge/pending_writes/2026-05-27T20-24-54_record_open_thread_808fee65.json",
        "hashed_secret": "c4115c68ca2b6f46fbe327a1d037ac485796069e",
        "is_verified": false,
        "line_number": 27
      },
      {
        "type": "Hex High Entropy String",
        "filename": "openai_bridge/pending_writes/2026-05-27T20-24-54_record_open_thread_808fee65.json",
        "hashed_secret": "dd7d44ea08f1dbcd8e74f158316204cea2045569",
        "is_verified": false,
        "line_number": 28
      }
    ],
    "openai_bridge/pending_writes/2026-05-27T20-24-54_record_open_thread_b91c7c1b.json": [
      {
        "type": "Hex High Entropy String",
        "filename": "openai_bridge/pending_writes/2026-05-27T20-24-54_record_open_thread_b91c7c1b.json",
        "hashed_secret": "7f4c33b5f82ce93f62323b376c64fa84ea8e5acc",
        "is_verified": false,
        "line_number": 27
      },
      {
        "type": "Hex High Entropy String",
        "filename": "openai_bridge/pending_writes/2026-05-27T20-24-54_record_open_thread_b91c7c1b.json",
        "hashed_secret": "b8b3ac58e0a99b1d0086602c06321fe49a4bde6c",
        "is_verified": false,
        "line_number": 28
      }
    ],
    "openai_bridge/pending_writes/2026-05-27T20-24-54_thread_touch_be6251ce.json": [
      {
        "type": "Hex High Entropy String",
        "filename": "openai_bridge/pending_writes/2026-05-27T20-24-54_thread_touch_be6251ce.json",
        "hashed_secret": "5f2666f636ec344a2c425109f942c9e9807a99d6",
        "is_verified": false,
        "line_number": 26
      },
      {
        "type": "Hex High Entropy String",
        "filename": "openai_bridge/pending_writes/2026-05-27T20-24-54_thread_touch_be6251ce.json",
        "hashed_secret": "0ce886594b37cb3d552203f684f77dfe5f466c42",
        "is_verified": false,
        "line_number": 27
      }
    ],
    "openai_bridge/pending_writes/2026-05-27T20-24-54_thread_touch_ffc7bedd.json": [
      {
        "type": "Hex High Entropy String",
        "filename": "openai_bridge/pending_writes/2026-05-27T20-24-54_thread_touch_ffc7bedd.json",
        "hashed_secret": "e77d6a16864c65f673aa5a7e7e13712cf7cf743b",
        "is_verified": false,
        "line_number": 26
      },
      {
        "type": "Hex High Entropy String",
        "filename": "openai_bridge/pending_writes/2026-05-27T20-24-54_thread_touch_ffc7bedd.json",
        "hashed_secret": "c20a0aa1c7254caa410cff09e4b1513410b20d7c",
        "is_verified": false,
        "line_number": 27
      }
    ],
    "openai_bridge/pending_writes/2026-05-27T20-28-51_handoff_755ed78c.json": [
      {
        "type": "Hex High Entropy String",
        "filename": "openai_bridge/pending_writes/2026-05-27T20-28-51_handoff_755ed78c.json",
        "hashed_secret": "1b1f870067823034c960e49e77aa3702983651f6",
        "is_verified": false,
        "line_number": 27
      },
      {
        "type": "Hex High Entropy String",
        "filename": "openai_bridge/pending_writes/2026-05-27T20-28-51_handoff_755ed78c.json",
        "hashed_secret": "3fb14af716db9c2c881a114f0701f028c5d66a48",
        "is_verified": false,
        "line_number": 28
      }
    ],
    "openai_bridge/pending_writes/2026-05-27T20-28-51_record_open_thread_2eb3bd09.json": [
      {
        "type": "Hex High Entropy String",
        "filename": "openai_bridge/pending_writes/2026-05-27T20-28-51_record_open_thread_2eb3bd09.json",
        "hashed_secret": "ff471c4a606d44296f1a300e7e10c86a9d08f588",
        "is_verified": false,
        "line_number": 27
      },
      {
        "type": "Hex High Entropy String",
        "filename": "openai_bridge/pending_writes/2026-05-27T20-28-51_record_open_thread_2eb3bd09.json",
        "hashed_secret": "062d4148808f6094d69704d52b9a90a121e0cf73",
        "is_verified": false,
        "line_number": 28
      }
    ],
    "openai_bridge/pending_writes/2026-05-27T20-28-51_thread_touch_08863afd.json": [
      {
        "type": "Hex High Entropy String",
        "filename": "openai_bridge/pending_writes/2026-05-27T20-28-51_thread_touch_08863afd.json",
        "hashed_secret": "cde97925b9595b4790e38a6557045dc180c65756",
        "is_verified": false,
        "line_number": 26
      },
      {
        "type": "Hex High Entropy String",
        "filename": "openai_bridge/pending_writes/2026-05-27T20-28-51_thread_touch_08863afd.json",
        "hashed_secret": "d1a92de027d6535ce72334a7d39edac31fd66822",
        "is_verified": false,
        "line_number": 27
      }
    ],
    "openai_bridge/pending_writes/2026-05-29T02-17-06_propose_insight_2d3420ed.json": [
      {
        "type": "Hex High Entropy String",
        "filename": "openai_bridge/pending_writes/2026-05-29T02-17-06_propose_insight_2d3420ed.json",
        "hashed_secret": "7a6b96ce38e95fbf8dfcf23862910f762aa4bc2b",
        "is_verified": false,
        "line_number": 28
      },
      {
        "type": "Hex High Entropy String",
        "filename": "openai_bridge/pending_writes/2026-05-29T02-17-06_propose_insight_2d3420ed.json",
        "hashed_secret": "d3aaa03718c94fedf2c143c7e9ed6ff5587dc824",
        "is_verified": false,
        "line_number": 29
      }
    ],
    "reflections/2026-04-26.jsonl": [
      {
        "type": "Hex High Entropy String",
        "filename": "reflections/2026-04-26.jsonl",
        "hashed_secret": "22ef452b0261f60d19fdffff8ec12843824d2092",
        "is_verified": false,
        "line_number": 1
      },
      {
        "type": "Hex High Entropy String",
        "filename": "reflections/2026-04-26.jsonl",
        "hashed_secret": "d7fb7f98f07cc1317193c4823d7d8c8d2b502f9c",
        "is_verified": false,
        "line_number": 4
      }
    ],
    "reflections/2026-04-27.jsonl": [
      {
        "type": "Hex High Entropy String",
        "filename": "reflections/2026-04-27.jsonl",
        "hashed_secret": "b775fe37a4de1d9408d0f5a90ec33514983edef6",
        "is_verified": false,
        "line_number": 1
      }
    ],
    "reflections/2026-04-29.jsonl": [
      {
        "type": "Hex High Entropy String",
        "filename": "reflections/2026-04-29.jsonl",
        "hashed_secret": "430dbd49868bafe4587c7c8af9f47e3ae209d72c",
        "is_verified": false,
        "line_number": 1
      },
      {
        "type": "Hex High Entropy String",
        "filename": "reflections/2026-04-29.jsonl",
        "hashed_secret": "8c43bb99cf95fe9419f6aef401566487a9bff721",
        "is_verified": false,
        "line_number": 2
      },
      {
        "type": "Hex High Entropy String",
        "filename": "reflections/2026-04-29.jsonl",
        "hashed_secret": "b9cabe85a595f10ee1f5f025d02047ba13ff33bc",
        "is_verified": false,
        "line_number": 3
      }
    ],
    "reflections/2026-05-01.jsonl": [
      {
        "type": "Hex High Entropy String",
        "filename": "reflections/2026-05-01.jsonl",
        "hashed_secret": "df879170434f1415c8e9e69a54e5b7f02b5d1543",
        "is_verified": false,
        "line_number": 1
      }
    ],
    "reflections/2026-05-02.jsonl": [
      {
        "type": "Hex High Entropy String",
        "filename": "reflections/2026-05-02.jsonl",
        "hashed_secret": "e21a1765cc0cf7195baaf5087b63370fb177e79f",
        "is_verified": false,
        "line_number": 1
      }
    ],
    "reflections/2026-05-03.jsonl": [
      {
        "type": "Hex High Entropy String",
        "filename": "reflections/2026-05-03.jsonl",
        "hashed_secret": "fd4ba03ddfac3c06961bb12f6e5e3cc9bbfa5283",
        "is_verified": false,
        "line_number": 1
      }
    ],
    "reflections/2026-05-04.jsonl": [
      {
        "type": "Hex High Entropy String",
        "filename": "reflections/2026-05-04.jsonl",
        "hashed_secret": "31557b977f9f3423d2a2ed972fda51fab3f0f09a",
        "is_verified": false,
        "line_number": 1
      }
    ],
    "reflections/2026-05-05.jsonl": [
      {
        "type": "Hex High Entropy String",
        "filename": "reflections/2026-05-05.jsonl",
        "hashed_secret": "bf236427fb50fe9b30180cb0e04e8c5d839e8736",
        "is_verified": false,
        "line_number": 1
      }
    ],
    "reflections/2026-05-06.jsonl": [
      {
        "type": "Hex High Entropy String",
        "filename": "reflections/2026-05-06.jsonl",
        "hashed_secret": "d249b11bfa7c1aaa70f56ba207248ce1dadfb344",
        "is_verified": false,
        "line_number": 1
      }
    ],
    "reflections/2026-05-07.jsonl": [
      {
        "type": "Hex High Entropy String",
        "filename": "reflections/2026-05-07.jsonl",
        "hashed_secret": "a8e512e29fbf754500a16e3254854791e714f6d1",
        "is_verified": false,
        "line_number": 1
      }
    ],
    "reflections/2026-05-10.jsonl": [
      {
        "type": "Hex High Entropy String",
        "filename": "reflections/2026-05-10.jsonl",
        "hashed_secret": "5ec79ffadce5f21783e46e1f3ea58afbfbe0e822",
        "is_verified": false,
        "line_number": 1
      }
    ],
    "reflections/2026-05-12.jsonl": [
      {
        "type": "Hex High Entropy String",
        "filename": "reflections/2026-05-12.jsonl",
        "hashed_secret": "7297c770494fe608d5142e310ad7bc8a66a145fb",
        "is_verified": false,
        "line_number": 1
      }
    ],
    "reflections/2026-05-14.jsonl": [
      {
        "type": "Hex High Entropy String",
        "filename": "reflections/2026-05-14.jsonl",
        "hashed_secret": "8a22da55a69ab38275370652be62e7b6162425d2",
        "is_verified": false,
        "line_number": 1
      }
    ],
    "reflections/2026-05-15.jsonl": [
      {
        "type": "Hex High Entropy String",
        "filename": "reflections/2026-05-15.jsonl",
        "hashed_secret": "3ac8fb560582f820418f208dd43a3b54d82b1a47",
        "is_verified": false,
        "line_number": 1
      }
    ],
    "reflections/2026-05-17.jsonl": [
      {
        "type": "Hex High Entropy String",
        "filename": "reflections/2026-05-17.jsonl",
        "hashed_secret": "dafab20ef33b29daddae64e076a10f644b0f4837",
        "is_verified": false,
        "line_number": 1
      }
    ],
    "reflections/2026-05-20.jsonl": [
      {
        "type": "Hex High Entropy String",
        "filename": "reflections/2026-05-20.jsonl",
        "hashed_secret": "b72cce6b63ac21f8ed16ca79b19f64c5656c6c6f",
        "is_verified": false,
        "line_number": 1
      }
    ],
    "reflections/2026-05-24.jsonl": [
      {
        "type": "Hex High Entropy String",
        "filename": "reflections/2026-05-24.jsonl",
        "hashed_secret": "a32d8999c4864c80e1cedbcdf02911732281775d",
        "is_verified": false,
        "line_number": 1
      }
    ],
    "reflections/2026-05-25.jsonl": [
      {
        "type": "Hex High Entropy String",
        "filename": "reflections/2026-05-25.jsonl",
        "hashed_secret": "0808132eb11b0f6452c4493daef232d5086ae298",
        "is_verified": false,
        "line_number": 1
      }
    ],
    "reflections/2026-05-28.jsonl": [
      {
        "type": "Hex High Entropy String",
        "filename": "reflections/2026-05-28.jsonl",
        "hashed_secret": "b177a7599f0ab2692f73a983959ddd7571499ae2",
        "is_verified": false,
        "line_number": 1
      }
    ],
    "retrospective/state-sweep-2026-05-12.json": [
      {
        "type": "Base64 High Entropy String",
        "filename": "retrospective/state-sweep-2026-05-12.json",
        "hashed_secret": "e89ee2c4f7bfd72d85217ac886d6da34445445f8",
        "is_verified": false,
        "line_number": 388
      },
      {
        "type": "Base64 High Entropy String",
        "filename": "retrospective/state-sweep-2026-05-12.json",
        "hashed_secret": "a04b6cbccfe4d278c9a8f62c5b2608484d57f442",
        "is_verified": false,
        "line_number": 427
      },
      {
        "type": "Base64 High Entropy String",
        "filename": "retrospective/state-sweep-2026-05-12.json",
        "hashed_secret": "00362ab55cd167de24e7214244f1e2a1b6a397f8",
        "is_verified": false,
        "line_number": 465
      },
      {
        "type": "Base64 High Entropy String",
        "filename": "retrospective/state-sweep-2026-05-12.json",
        "hashed_secret": "f73d474c05e2486be346ea41fbe1ac6f56dd090c",
        "is_verified": false,
        "line_number": 484
      },
      {
        "type": "Base64 High Entropy String",
        "filename": "retrospective/state-sweep-2026-05-12.json",
        "hashed_secret": "50186c9644cfd929b6098f232240fd2980d74e5a",
        "is_verified": false,
        "line_number": 505
      },
      {
        "type": "Base64 High Entropy String",
        "filename": "retrospective/state-sweep-2026-05-12.json",
        "hashed_secret": "10038caacd5bfec9498af1581f9546c1936d3365",
        "is_verified": false,
        "line_number": 748
      },
      {
        "type": "Base64 High Entropy String",
        "filename": "retrospective/state-sweep-2026-05-12.json",
        "hashed_secret": "fae64ea329357228a6dd0168faab4cb8c21bbd54",
        "is_verified": false,
        "line_number": 767
      },
      {
        "type": "Base64 High Entropy String",
        "filename": "retrospective/state-sweep-2026-05-12.json",
        "hashed_secret": "0c43bbeb9c22aa677c568035fbc7c215c6dea8ab",
        "is_verified": false,
        "line_number": 846
      },
      {
        "type": "Base64 High Entropy String",
        "filename": "retrospective/state-sweep-2026-05-12.json",
        "hashed_secret": "36eed0c9a0a92b92850db4e9304b697e961da39d",
        "is_verified": false,
        "line_number": 865
      }
    ]
  },
  "generated_at": "2026-05-29T03:31:30Z"
}
